  test.vcxproj -> C:\Users\User\Desktop\прога\test\Debug\test.exe
